30
30: 001
31: 102
32: 203
33: 304
34: 405
35: 506
36: 607
37: 708
38: 809
39: 900
