30
10: 004
11: 005
12: 006
30: 210
31: 311
32: 612
33: 900
