60
20: 042
21: 000
22: 000
23: 022
30: 221
31: 835
32: 000
33: 000
34: 000
35: 233
36: 620
37: 534
38: 221
39: 832
60: 266
61: 432
62: 220
63: 433
64: 223
65: 434
66: 900
